[WARNING ] This is warning level 
[WARNING ] This is warn level 
[ERROR   ] This is error level 
[CRITICAL] This is critical level 
[UNKNOWN ] This is internal log handler and should not be called, but is here for unit testing only. 
