[38;5;196m[CRITICAL] This is critical level [0m
[UNKNOWN ] This is internal log handler and should not be called, but is here for unit testing only. 
