2000-01-01 00:00:00+00:00 [CRITICAL] This is critical level 
2000-01-01 00:00:00+00:00 [UNKNOWN ] This is internal log handler and should not be called, but is here for unit testing only. 
