[38;5;197mâ€¢ This is error level [0m
[38;5;196mâ€¢ This is critical level [0m
â€¢ This is internal log handler and should not be called, but is here for unit testing only. 
