â€¢ This is info level 
â€¢ This is info level 
â€¢ This is info level 
â€¢ This is info level 
â€¢ This is info level 
â€¢ This is info level 
â€¢ This is info level 
[38;5;83mâ€¢ This is success level [0m
[38;5;81mâ€¢ This is notice level [0m
[38;5;214mâ€¢ This is warning level [0m
[38;5;214mâ€¢ This is warn level [0m
[38;5;197mâ€¢ This is error level [0m
[38;5;196mâ€¢ This is critical level [0m
â€¢ This is internal log handler and should not be called, but is here for unit testing only. 
